// Jest Snapshot v1, https://goo.gl/fbAQLP

exports[`Snapshot 1`] = `
Object {
  "Outputs": Object {
    "LambdaUrl": Object {
      "Value": Object {
        "Fn::GetAtt": Array [
          "MyLambdaFunctionUrllambdaUrl91C45611",
          "FunctionUrl",
        ],
      },
    },
  },
  "Parameters": Object {
    "BootstrapVersion": Object {
      "Default": "/cdk-bootstrap/hnb659fds/version",
      "Description": "Version of the CDK Bootstrap resources in this environment, automatically retrieved from SSM Parameter Store. [cdk:skip]",
      "Type": "AWS::SSM::Parameter::Value<String>",
    },
  },
  "Resources": Object {
    "LmdabaUrlFn40C507F4": Object {
      "DependsOn": Array [
        "LmdabaUrlFnServiceRoleB56B5DED",
      ],
      "Properties": Object {
        "Code": Object {
          "S3Bucket": Object {
            "Fn::Sub": "cdk-hnb659fds-assets-\${AWS::AccountId}-\${AWS::Region}",
          },
          "S3Key": "a699fab2f107e405f8e24748a3a6b5c330d2d2f0dcdf4741d22c3b08d0c98acf.zip",
        },
        "Handler": "func.handler",
        "Role": Object {
          "Fn::GetAtt": Array [
            "LmdabaUrlFnServiceRoleB56B5DED",
            "Arn",
          ],
        },
        "Runtime": "python3.9",
      },
      "Type": "AWS::Lambda::Function",
    },
    "LmdabaUrlFnServiceRoleB56B5DED": Object {
      "Properties": Object {
        "AssumeRolePolicyDocument": Object {
          "Statement": Array [
            Object {
              "Action": "sts:AssumeRole",
              "Effect": "Allow",
              "Principal": Object {
                "Service": "lambda.amazonaws.com",
              },
            },
          ],
          "Version": "2012-10-17",
        },
        "ManagedPolicyArns": Array [
          Object {
            "Fn::Join": Array [
              "",
              Array [
                "arn:",
                Object {
                  "Ref": "AWS::Partition",
                },
                ":iam::aws:policy/service-role/AWSLambdaBasicExecutionRole",
              ],
            ],
          },
        ],
      },
      "Type": "AWS::IAM::Role",
    },
    "MyLambdaFunctionUrllambdaUrl91C45611": Object {
      "Properties": Object {
        "AuthType": "NONE",
        "TargetFunctionArn": Object {
          "Fn::GetAtt": Array [
            "LmdabaUrlFn40C507F4",
            "Arn",
          ],
        },
      },
      "Type": "AWS::Lambda::Url",
    },
    "MyLambdaFunctionUrllambdaUrlPermission3F9D614E": Object {
      "Properties": Object {
        "Action": "lambda:InvokeFunctionUrl",
        "FunctionName": Object {
          "Ref": "LmdabaUrlFn40C507F4",
        },
        "FunctionUrlAuthType": "NONE",
        "Principal": "*",
      },
      "Type": "AWS::Lambda::Permission",
    },
  },
  "Rules": Object {
    "CheckBootstrapVersion": Object {
      "Assertions": Array [
        Object {
          "Assert": Object {
            "Fn::Not": Array [
              Object {
                "Fn::Contains": Array [
                  Array [
                    "1",
                    "2",
                    "3",
                    "4",
                    "5",
                  ],
                  Object {
                    "Ref": "BootstrapVersion",
                  },
                ],
              },
            ],
          },
          "AssertDescription": "CDK bootstrap stack version 6 required. Please run 'cdk bootstrap' with a recent version of the CDK CLI.",
        },
      ],
    },
  },
}
`;
